[2026-03-03 14:19:03] local.DEBUG: en  
[2026-03-03 14:21:06] local.DEBUG: en  
[2026-03-03 14:21:07] local.DEBUG: fr  
[2026-03-03 14:21:08] local.DEBUG: en  
[2026-03-03 14:21:12] local.DEBUG: fr  
[2026-03-03 14:24:34] local.DEBUG: en  
[2026-03-03 14:24:35] local.DEBUG: fr  
[2026-03-03 14:25:48] local.DEBUG: fr  
[2026-03-03 14:25:48] local.DEBUG: en  
[2026-03-03 14:41:20] local.ERROR: There are no commands defined in the "viex" namespace.

Did you mean this?
    view {"exception":"[object] (Symfony\\Component\\Console\\Exception\\NamespaceNotFoundException(code: 0): There are no commands defined in the \"viex\" namespace.

Did you mean this?
    view at /Users/add/Documents/php/saadFolio/vendor/symfony/console/Application.php:678)
[stacktrace]
#0 /Users/add/Documents/php/saadFolio/vendor/symfony/console/Application.php(729): Symfony\\Component\\Console\\Application->findNamespace('viex')
#1 /Users/add/Documents/php/saadFolio/vendor/symfony/console/Application.php(266): Symfony\\Component\\Console\\Application->find('viex:clear')
#2 /Users/add/Documents/php/saadFolio/vendor/symfony/console/Application.php(175): Symfony\\Component\\Console\\Application->doRun(Object(Symfony\\Component\\Console\\Input\\ArgvInput), Object(Symfony\\Component\\Console\\Output\\ConsoleOutput))
#3 /Users/add/Documents/php/saadFolio/vendor/laravel/framework/src/Illuminate/Foundation/Console/Kernel.php(201): Symfony\\Component\\Console\\Application->run(Object(Symfony\\Component\\Console\\Input\\ArgvInput), Object(Symfony\\Component\\Console\\Output\\ConsoleOutput))
#4 /Users/add/Documents/php/saadFolio/artisan(35): Illuminate\\Foundation\\Console\\Kernel->handle(Object(Symfony\\Component\\Console\\Input\\ArgvInput), Object(Symfony\\Component\\Console\\Output\\ConsoleOutput))
#5 {main}
"} 
